  P08-318217037.cpp
C:\Users\pablo_q1suczv\OneDrive\Documentos\Compu_grafica_25\Compu_grafica_25\Window.h(12,36): warning C4244: 'return': conversión de 'GLint' a 'GLfloat'; posible pérdida de datos
  (compilando archivo de origen "P08-318217037.cpp")
  
C:\Users\pablo_q1suczv\OneDrive\Documentos\Compu_grafica_25\Compu_grafica_25\Window.h(13,37): warning C4244: 'return': conversión de 'GLint' a 'GLfloat'; posible pérdida de datos
  (compilando archivo de origen "P08-318217037.cpp")
  
C:\Users\pablo_q1suczv\OneDrive\Documentos\Compu_grafica_25\Compu_grafica_25\P08-318217037.cpp(402,15): warning C4244: 'inicializando': conversión de 'double' a 'GLfloat'; posible pérdida de datos
C:\Users\pablo_q1suczv\OneDrive\Documentos\Compu_grafica_25\Compu_grafica_25\P08-318217037.cpp(404,33): warning C4244: '+=': conversión de 'double' a 'GLfloat'; posible pérdida de datos
C:\Users\pablo_q1suczv\OneDrive\Documentos\Compu_grafica_25\Compu_grafica_25\P08-318217037.cpp(445,33): warning C4805: '==': combinación no segura del tipo 'GLboolean' y el tipo 'bool' en la operación
  Shader_light.cpp
C:\Users\pablo_q1suczv\OneDrive\Documentos\Compu_grafica_25\Compu_grafica_25\Shader_light.cpp(207,75): warning C4244: 'argumento': conversión de 'GLuint' a 'GLfloat'; posible pérdida de datos
C:\Users\pablo_q1suczv\OneDrive\Documentos\Compu_grafica_25\Compu_grafica_25\Shader_light.cpp(207,26): warning C4244: 'argumento': conversión de 'GLuint' a 'GLfloat'; posible pérdida de datos
C:\Users\pablo_q1suczv\OneDrive\Documentos\Compu_grafica_25\Compu_grafica_25\Shader_light.cpp(206,91): warning C4244: 'argumento': conversión de 'GLuint' a 'GLfloat'; posible pérdida de datos
C:\Users\pablo_q1suczv\OneDrive\Documentos\Compu_grafica_25\Compu_grafica_25\Shader_light.cpp(206,42): warning C4244: 'argumento': conversión de 'GLuint' a 'GLfloat'; posible pérdida de datos
C:\Users\pablo_q1suczv\OneDrive\Documentos\Compu_grafica_25\Compu_grafica_25\Shader_light.cpp(220,98): warning C4244: 'argumento': conversión de 'GLuint' a 'GLfloat'; posible pérdida de datos
C:\Users\pablo_q1suczv\OneDrive\Documentos\Compu_grafica_25\Compu_grafica_25\Shader_light.cpp(220,62): warning C4244: 'argumento': conversión de 'GLuint' a 'GLfloat'; posible pérdida de datos
C:\Users\pablo_q1suczv\OneDrive\Documentos\Compu_grafica_25\Compu_grafica_25\Shader_light.cpp(220,24): warning C4244: 'argumento': conversión de 'GLuint' a 'GLfloat'; posible pérdida de datos
C:\Users\pablo_q1suczv\OneDrive\Documentos\Compu_grafica_25\Compu_grafica_25\Shader_light.cpp(219,70): warning C4244: 'argumento': conversión de 'GLuint' a 'GLfloat'; posible pérdida de datos
C:\Users\pablo_q1suczv\OneDrive\Documentos\Compu_grafica_25\Compu_grafica_25\Shader_light.cpp(219,24): warning C4244: 'argumento': conversión de 'GLuint' a 'GLfloat'; posible pérdida de datos
C:\Users\pablo_q1suczv\OneDrive\Documentos\Compu_grafica_25\Compu_grafica_25\Shader_light.cpp(218,88): warning C4244: 'argumento': conversión de 'GLuint' a 'GLfloat'; posible pérdida de datos
C:\Users\pablo_q1suczv\OneDrive\Documentos\Compu_grafica_25\Compu_grafica_25\Shader_light.cpp(218,42): warning C4244: 'argumento': conversión de 'GLuint' a 'GLfloat'; posible pérdida de datos
  Skybox.cpp
  SpotLight.cpp
  Window.cpp
C:\Users\pablo_q1suczv\OneDrive\Documentos\Compu_grafica_25\Compu_grafica_25\Window.h(12,36): warning C4244: 'return': conversión de 'GLint' a 'GLfloat'; posible pérdida de datos
  (compilando archivo de origen "Window.cpp")
  
C:\Users\pablo_q1suczv\OneDrive\Documentos\Compu_grafica_25\Compu_grafica_25\Window.h(13,37): warning C4244: 'return': conversión de 'GLint' a 'GLfloat'; posible pérdida de datos
  (compilando archivo de origen "Window.cpp")
  
C:\Users\pablo_q1suczv\OneDrive\Documentos\Compu_grafica_25\Compu_grafica_25\Window.cpp(145,31): warning C4305: '-=': truncamiento de 'double' a 'GLfloat'
C:\Users\pablo_q1suczv\OneDrive\Documentos\Compu_grafica_25\Compu_grafica_25\Window.cpp(146,32): warning C4305: '+=': truncamiento de 'double' a 'GLfloat'
C:\Users\pablo_q1suczv\OneDrive\Documentos\Compu_grafica_25\Compu_grafica_25\Window.cpp(154,31): warning C4305: '+=': truncamiento de 'double' a 'GLfloat'
C:\Users\pablo_q1suczv\OneDrive\Documentos\Compu_grafica_25\Compu_grafica_25\Window.cpp(155,32): warning C4305: '-=': truncamiento de 'double' a 'GLfloat'
C:\Users\pablo_q1suczv\OneDrive\Documentos\Compu_grafica_25\Compu_grafica_25\Window.cpp(182,22): warning C4244: '=': conversión de 'double' a 'GLfloat'; posible pérdida de datos
C:\Users\pablo_q1suczv\OneDrive\Documentos\Compu_grafica_25\Compu_grafica_25\Window.cpp(183,22): warning C4244: '=': conversión de 'double' a 'GLfloat'; posible pérdida de datos
C:\Users\pablo_q1suczv\OneDrive\Documentos\Compu_grafica_25\Compu_grafica_25\Window.cpp(187,28): warning C4244: '=': conversión de 'double' a 'GLfloat'; posible pérdida de datos
C:\Users\pablo_q1suczv\OneDrive\Documentos\Compu_grafica_25\Compu_grafica_25\Window.cpp(188,40): warning C4244: '=': conversión de 'double' a 'GLfloat'; posible pérdida de datos
C:\Users\pablo_q1suczv\OneDrive\Documentos\Compu_grafica_25\Compu_grafica_25\Window.cpp(190,21): warning C4244: '=': conversión de 'double' a 'GLfloat'; posible pérdida de datos
C:\Users\pablo_q1suczv\OneDrive\Documentos\Compu_grafica_25\Compu_grafica_25\Window.cpp(191,21): warning C4244: '=': conversión de 'double' a 'GLfloat'; posible pérdida de datos
  Generando código
C:\Users\pablo_q1suczv\OneDrive\Documentos\Compu_grafica_25\Compu_grafica_25\Window.cpp(81): warning C4715: 'Window::Initialise': no todas las rutas de acceso de control devuelven un valor
  421 of 915 functions (46.0%) were compiled, the rest were copied from previous compilation.
    53 functions were new in current compilation
    16 functions had inline decision re-evaluated but remain unchanged
  Generación de código finalizada
  Compu_grafica_25.vcxproj -> C:\Users\pablo_q1suczv\OneDrive\Documentos\Compu_grafica_25\Release\Compu_grafica_25.exe
